// Jest Snapshot v1, https://goo.gl/fbAQLP

exports[`HTML formatting matches snapshot 1`] = `
"<!DOCTYPE html>
<html lang=\\"en\\">
  <head>
    <meta charset=\\"UTF-8\\" />
    <meta name=\\"viewport\\" content=\\"width=device-width, initial-scale=1.0\\" />
    <meta http-equiv=\\"X-UA-Compatible\\" content=\\"ie=edge\\" />
    <title>App Title</title>
  </head>
  <body>
    <div id=\\"root\\"></div>
  </body>
</html>
"
`;
